// Jest Snapshot v1, https://goo.gl/fbAQLP

exports[`OtherChild Component should render correctly 1`] = `<div />`;
